// Jest Snapshot v1, https://goo.gl/fbAQLP

exports[`CInputForm render properly 1`] = `
<form
  onSubmit={[Function]}
>
  <label
    htmlFor="todo"
  >
    할 일
  </label>
  <input
    aria-label="todo"
    name="todo"
    onChange={[Function]}
    value=""
  />
  <button
    type="submit"
  >
    저장
  </button>
</form>
`;
